random seed: 382079347
================================================================================
success (ran 16 tests)
